    buffer = [�]
03-05 20:48:06.944      114-421/? E/SMD﹕ Wrote 3 chars to SMD PORT fd=7 ch = 81
03-05 20:48:06.944      115-115/? E/DTT﹕ [DR->DTT]Received data notification
03-05 20:48:06.998      634-634/? E/MtpService﹕ In MTPAPP onReceive:android.intent.action.BATTERY_CHANGED
03-05 20:48:06.998      634-634/? E/MtpService﹕ battPlugged Type : 0
03-05 20:48:06.998      634-634/? E/MtpService﹕ Plug Type is coming zero so finishing service:
03-05 20:48:07.022      634-634/? E/MTPRx﹕ device type is not Camera
03-05 20:48:07.022      634-634/? E/MtpService﹕ unregistering mtpServiceReceiver in battery_changed
03-05 20:48:07.069      634-634/? E/MTPRx﹕ In usbRemoved Status bar enabled
03-05 20:48:07.069      634-634/? E/MTPRx﹕ Sending Broadcast
03-05 20:48:07.155      634-634/? E/MtpService﹕ onDestroy.
03-05 20:48:07.155      634-634/? E/MTPJNIInterface﹕ noti = 3
03-05 20:48:08.936      112-130/? E/DataRouter﹕ init_cur_sock
03-05 20:48:08.936      112-130/? E/DataRouter﹕ dr_usb_deinit
03-05 20:48:08.936      112-130/? E/DataRouter﹕ Initialise USB and start the thread
03-05 20:48:08.936      112-130/? E/DataRouter﹕ dr_usb_init
03-05 20:48:08.936      112-130/? E/DataRouter﹕ USB Interface is open with 0x9
03-05 20:48:08.936      112-130/? E/DataRouter﹕ USB interface is now configured for usb_fd = 0x9
03-05 20:48:08.936      112-130/? E/DataRouter﹕ THREAD LAUNCH
03-05 20:48:08.936      112-130/? E/DataRouter﹕ monitor_data_of_usb
03-05 20:48:08.936      112-130/? E/DataRouter﹕ USB monitor thread launched, usb_fd= 0x9
03-05 20:48:08.936      112-130/? E/DataRouter﹕ init_cur_sock
03-05 20:48:08.936      112-130/? E/DataRouter﹕ Before the usb select
03-05 20:48:08.959      113-113/? E/Kies﹕ select error:4
03-05 20:48:08.983      114-114/? E/SMD﹕ DCD OFF
03-05 20:48:09.030      487-575/system_process E/ActivityThread﹕ Failed to find provider info for com.android.settings.FilterProvider
03-05 20:48:09.787    6142-6142/com.sec.android.app.videoplayer E/videowall-TranscodeReceiver﹕ broadcastMSG : android.intent.action.ACTION_POWER_DISCONNECTED
03-05 20:48:10.272    6188-6188/com.android.MtpApplication E/MTPRx﹕ In MtpReceiverandroid.hardware.usb.action.USB_STATE
03-05 20:48:10.272    6188-6188/com.android.MtpApplication E/MTPRx﹕ check value of boot_completed is1
03-05 20:48:10.272    6188-6188/com.android.MtpApplication E/MTPRx﹕ check booting is completed_sys.boot_completed
03-05 20:48:10.280    6188-6188/com.android.MtpApplication E/MTPRx﹕ Sd-Card path/storage/extSdCard
03-05 20:48:10.280    6188-6188/com.android.MtpApplication E/MTPRx﹕ Status for mount/Unmount :mounted
03-05 20:48:10.280    6188-6188/com.android.MtpApplication E/MTPRx﹕ SDcard is  available
03-05 20:48:10.280    6188-6188/com.android.MtpApplication E/MTPRx﹕ The value of first_boot is  1
03-05 20:48:10.280    6188-6188/com.android.MtpApplication E/MTPRx﹕ [ 662] The value of first_boot is  1NORMAL SEQUENCE
03-05 20:48:10.280    6188-6188/com.android.MtpApplication E/MTPRx﹕ Received USB_STATE with sdCardLaunch = 0
03-05 20:48:10.350    6188-6188/com.android.MtpApplication E/MTPRx﹕ sending MTP_ICON_ENABLED to stack
03-05 20:48:10.420    6188-6188/com.android.MtpApplication E/MTPRx﹕ else part ... so first time!!!
03-05 20:48:10.420    6188-6188/com.android.MtpApplication E/MTPPlaObsrvr﹕ inside setContext()
03-05 20:48:10.451    6188-6188/com.android.MtpApplication E/MTPPlaObsrvr﹕ playlist count is0
03-05 20:48:10.459    6188-6188/com.android.MtpApplication E/MTPPlaObsrvr﹕ Inside registerContentObserver
03-05 20:48:10.490    6188-6188/com.android.MtpApplication E/MtpAdbObserver﹕ inside setContext()
03-05 20:48:10.490    6188-6188/com.android.MtpApplication E/MtpAdbObserver﹕ Inside registerContentObserver
03-05 20:48:10.498    6188-6188/com.android.MtpApplication E/MtpService﹕ onCreate.
03-05 20:48:10.506    6188-6188/com.android.MtpApplication E/MTPRx﹕ device type is not Camera
03-05 20:48:10.506    6188-6188/com.android.MtpApplication E/MtpService﹕ < MTP > Registering BroadCast receiver :::::
03-05 20:48:10.561    6188-6188/com.android.MtpApplication E/MtpService﹕ onStartCommand.
03-05 20:48:10.561    6188-6208/com.android.MtpApplication E/MtpService﹕ handleMessage. msg= { what=0 when=-1ms arg1=1 obj=Intent { cmp=com.android.MtpApplication/.MtpService } }
03-05 20:48:10.576    6188-6188/com.android.MtpApplication E/MTPJNIInterface﹕ < MTP > Registering BroadCast receiver :::::
03-05 20:48:10.584      487-506/system_process E/NotificationService﹕ Ignoring notification with icon==0: Notification(pri=0 contentView=null vibrate=null sound=null defaults=0x0 flags=0x62 kind=[null])
03-05 20:48:10.608    6188-6188/com.android.MtpApplication E/MTPJNIInterface﹕ noti = 10
03-05 20:48:10.615    6188-6188/com.android.MtpApplication E/MTPRx﹕ Checking the driver time out
03-05 20:48:10.615    6188-6188/com.android.MtpApplication E/MTPJNIInterface﹕ noti = 2
03-05 20:48:10.615    6188-6188/com.android.MtpApplication E/MTPRx﹕ called native method
03-05 20:48:10.615    6188-6188/com.android.MtpApplication E/MTPJNIInterface﹕ setting Media scanner status0
03-05 20:48:10.615    6188-6188/com.android.MtpApplication E/MTPJNIInterface﹕ After setting Media scanner status0
03-05 20:48:10.615    6188-6188/com.android.MtpApplication E/MtpService﹕ onStartCommand.
03-05 20:48:10.615    6188-6188/com.android.MtpApplication E/MtpService﹕ In MTPAPP onReceive:android.intent.action.BATTERY_CHANGED
03-05 20:48:10.615    6188-6188/com.android.MtpApplication E/MtpService﹕ battPlugged Type : 2
03-05 20:48:10.623    6188-6208/com.android.MtpApplication E/MtpService﹕ handleMessage. msg= { what=0 when=-5ms arg1=2 obj=Intent { cmp=com.android.MtpApplication/.MtpService } }
03-05 20:48:10.623    6188-6209/com.android.MtpApplication E/MTPJNIInterface﹕ Getting media scanner status0
03-05 20:48:10.623      487-506/system_process E/NotificationService﹕ Ignoring notification with icon==0: Notification(pri=0 contentView=null vibrate=null sound=null defaults=0x0 flags=0x62 kind=[null])
03-05 20:48:10.631    6142-6142/com.sec.android.app.videoplayer E/videowall-TranscodeReceiver﹕ broadcastMSG : android.intent.action.ACTION_POWER_CONNECTED
03-05 20:48:11.623    6188-6209/com.android.MtpApplication E/SQLiteLog﹕ (14) cannot open file at line 30247 of [00bb9c9ce4]
03-05 20:48:11.623    6188-6209/com.android.MtpApplication E/SQLiteLog﹕ (14) os_unix.c:30247: (2) open(/opt/dbspace/inappdb_mtp) -
03-05 20:48:11.756    6188-6209/com.android.MtpApplication E/MTPJNIInterface﹕ Status for mount/Unmount :mounted
03-05 20:48:11.756    6188-6209/com.android.MtpApplication E/MTPJNIInterface﹕ SDcard is  available
03-05 20:48:11.780    6188-6209/com.android.MtpApplication E/MTPJNIInterface﹕ year is null
03-05 20:48:11.780    6188-6209/com.android.MtpApplication E/MTPJNIInterface﹕ Genre:<unknown>
03-05 20:48:11.983      114-114/? E/SMD﹕ DCD OFF
03-05 20:48:12.014    6188-6209/com.android.MtpApplication E/MTPJNIInterface﹕ year is null
03-05 20:48:12.014    6188-6209/com.android.MtpApplication E/MTPJNIInterface﹕ Genre:<unknown>
03-05 20:48:12.053    6188-6209/com.android.MtpApplication E/MTPJNIInterface﹕ year is null
03-05 20:48:12.053    6188-6209/com.android.MtpApplication E/MTPJNIInterface﹕ Genre:Others
03-05 20:48:12.076    6188-6209/com.android.MtpApplication E/MTPJNIInterface﹕ year is null
03-05 20:48:12.076    6188-6209/com.android.MtpApplication E/MTPJNIInterface﹕ Genre:<unknown>
03-05 20:48:12.100    6188-6209/com.android.MtpApplication E/MTPJNIInterface﹕ year is null
03-05 20:48:12.100    6188-6209/com.android.MtpApplication E/MTPJNIInterface﹕ Genre:<unknown>
03-05 20:48:12.131    6188-6209/com.android.MtpApplication E/MTPJNIInterface﹕ Genre:Others
03-05 20:48:12.248    6188-6209/com.android.MtpApplication E/MTPJNIInterface﹕ Genre:Others
03-05 20:48:12.272    6188-6209/com.android.MtpApplication E/MTPJNIInterface﹕ year is null
03-05 20:48:12.272    6188-6209/com.android.MtpApplication E/MTPJNIInterface﹕ Genre:<unknown>
03-05 20:48:12.303    6188-6209/com.android.MtpApplication E/MTPJNIInterface﹕ Genre:<unknown>
03-05 20:48:12.334    6188-6209/com.android.MtpApplication E/MTPJNIInterface﹕ Genre:<unknown>
03-05 20:48:12.358    6188-6209/com.android.MtpApplication E/MTPJNIInterface﹕ year is null
03-05 20:48:12.358    6188-6209/com.android.MtpApplication E/MTPJNIInterface﹕ Genre:<unknown>
03-05 20:48:12.397    6188-6209/com.android.MtpApplication E/MTPJNIInterface﹕ year is null
03-05 20:48:12.397    6188-6209/com.android.MtpApplication E/MTPJNIInterface﹕ Genre:<unknown>
03-05 20:48:12.412    6188-6209/com.android.MtpApplication E/MTPJNIInterface﹕ Genre:<unknown>
03-05 20:48:12.444    6188-6209/com.android.MtpApplication E/MTPJNIInterface﹕ Genre:<unknown>
03-05 20:48:12.475    6188-6209/com.android.MtpApplication E/MTPJNIInterface﹕ year is null
03-05 20:48:12.475    6188-6209/com.android.MtpApplication E/MTPJNIInterface﹕ Genre:<unknown>
03-05 20:48:12.506    6188-6209/com.android.MtpApplication E/MTPJNIInterface﹕ year is null
03-05 20:48:12.506    6188-6209/com.android.MtpApplication E/MTPJNIInterface﹕ Genre:<unknown>
03-05 20:48:12.522    6188-6209/com.android.MtpApplication E/MTPJNIInterface﹕ year is null
03-05 20:48:12.522    6188-6209/com.android.MtpApplication E/MTPJNIInterface﹕ Genre:Others
03-05 20:48:12.561    6188-6209/com.android.MtpApplication E/MTPJNIInterface﹕ year is null
03-05 20:48:12.561    6188-6209/com.android.MtpApplication E/MTPJNIInterface﹕ Genre:Others
03-05 20:48:12.584    6188-6209/com.android.MtpApplication E/MTPJNIInterface﹕ year is null
03-05 20:48:12.584    6188-6209/com.android.MtpApplication E/MTPJNIInterface﹕ Genre:<unknown>
03-05 20:48:12.608    6188-6209/com.android.MtpApplication E/MTPJNIInterface﹕ Genre:<unknown>
03-05 20:48:12.639    6188-6209/com.android.MtpApplication E/MTPJNIInterface﹕ year is null
03-05 20:48:12.639    6188-6209/com.android.MtpApplication E/MTPJNIInterface﹕ Genre:<unknown>
03-05 20:48:12.678    6188-6209/com.android.MtpApplication E/MTPJNIInterface﹕ year is null
03-05 20:48:12.678    6188-6209/com.android.MtpApplication E/MTPJNIInterface﹕ Genre:<unknown>
03-05 20:48:12.701    6188-6209/com.android.MtpApplication E/MTPJNIInterface﹕ year is null
03-05 20:48:12.701    6188-6209/com.android.MtpApplication E/MTPJNIInterface﹕ Genre:<unknown>
03-05 20:48:12.717    6188-6209/com.android.MtpApplication E/MTPJNIInterface﹕ year is null
03-05 20:48:12.717    6188-6209/com.android.MtpApplication E/MTPJNIInterface﹕ Genre:<unknown>
03-05 20:48:12.748    6188-6209/com.android.MtpApplication E/MTPJNIInterface﹕ year is null
03-05 20:48:12.748    6188-6209/com.android.MtpApplication E/MTPJNIInterface﹕ Genre:<unknown>
03-05 20:48:12.780    6188-6209/com.android.MtpApplication E/MTPJNIInterface﹕ year is null
03-05 20:48:12.780    6188-6209/com.android.MtpApplication E/MTPJNIInterface﹕ Genre:<unknown>
03-05 20:48:12.819    6188-6209/com.android.MtpApplication E/MTPJNIInterface﹕ year is null
03-05 20:48:12.819    6188-6209/com.android.MtpApplication E/MTPJNIInterface﹕ Genre:Others
03-05 20:48:12.834    6188-6209/com.android.MtpApplication E/MTPJNIInterface﹕ Genre:<unknown>
03-05 20:48:12.865    6188-6209/com.android.MtpApplication E/MTPJNIInterface﹕ year is null
03-05 20:48:12.865    6188-6209/com.android.MtpApplication E/MTPJNIInterface﹕ Genre:<unknown>
03-05 20:48:12.881    6188-6209/com.android.MtpApplication E/MTPJNIInterface﹕ year is null
03-05 20:48:12.881    6188-6209/com.android.MtpApplication E/MTPJNIInterface﹕ Genre:<unknown>
03-05 20:48:12.897    6188-6209/com.android.MtpApplication E/MTPJNIInterface﹕ year is null
03-05 20:48:12.897    6188-6209/com.android.MtpApplication E/MTPJNIInterface﹕ Genre:<unknown>
03-05 20:48:12.936    6188-6209/com.android.MtpApplication E/MTPJNIInterface﹕ Genre:Pop
03-05 20:48:12.951    6188-6209/com.android.MtpApplication E/MTPJNIInterface﹕ year is null
03-05 20:48:12.951    6188-6209/com.android.MtpApplication E/MTPJNIInterface﹕ Genre:<unknown>
03-05 20:48:12.975    6188-6209/com.android.MtpApplication E/MTPJNIInterface﹕ year is null
03-05 20:48:12.975    6188-6209/com.android.MtpApplication E/MTPJNIInterface﹕ Genre:Others
03-05 20:48:12.990    6188-6209/com.android.MtpApplication E/MTPJNIInterface﹕ year is null
03-05 20:48:12.990    6188-6209/com.android.MtpApplication E/MTPJNIInterface﹕ Genre:Others
03-05 20:48:13.014    6188-6209/com.android.MtpApplication E/MTPJNIInterface﹕ year is null
03-05 20:48:13.014    6188-6209/com.android.MtpApplication E/MTPJNIInterface﹕ Genre:Others
03-05 20:48:13.037    6188-6209/com.android.MtpApplication E/MTPJNIInterface﹕ year is null
03-05 20:48:13.037    6188-6209/com.android.MtpApplication E/MTPJNIInterface﹕ Genre:<unknown>
03-05 20:48:13.053    6188-6209/com.android.MtpApplication E/MTPJNIInterface﹕ year is null
03-05 20:48:13.053    6188-6209/com.android.MtpApplication E/MTPJNIInterface﹕ Genre:<unknown>
03-05 20:48:13.076    6188-6209/com.android.MtpApplication E/MTPJNIInterface﹕ year is null
03-05 20:48:13.076    6188-6209/com.android.MtpApplication E/MTPJNIInterface﹕ Genre:<unknown>
03-05 20:48:13.092    6188-6209/com.android.MtpApplication E/MTPJNIInterface﹕ year is null
03-05 20:48:13.092    6188-6209/com.android.MtpApplication E/MTPJNIInterface﹕ Genre:<unknown>
03-05 20:48:13.100    6188-6209/com.android.MtpApplication E/MTPJNIInterface﹕ year is null
03-05 20:48:13.100    6188-6209/com.android.MtpApplication E/MTPJNIInterface﹕ Genre:<unknown>
03-05 20:48:13.115    6188-6209/com.android.MtpApplication E/MTPJNIInterface﹕ year is null
03-05 20:48:13.115    6188-6209/com.android.MtpApplication E/MTPJNIInterface﹕ Genre:<unknown>
03-05 20:48:13.139    6188-6209/com.android.MtpApplication E/MTPJNIInterface﹕ year is null
03-05 20:48:13.139    6188-6209/com.android.MtpApplication E/MTPJNIInterface﹕ Genre:Others
03-05 20:48:13.155    6188-6209/com.android.MtpApplication E/MTPJNIInterface﹕ year is null
03-05 20:48:13.155    6188-6209/com.android.MtpApplication E/MTPJNIInterface﹕ Genre:
03-05 20:48:13.170    6188-6209/com.android.MtpApplication E/MTPJNIInterface﹕ year is null
03-05 20:48:13.170    6188-6209/com.android.MtpApplication E/MTPJNIInterface﹕ Genre:<unknown>
03-05 20:48:13.194    6188-6209/com.android.MtpApplication E/MTPJNIInterface﹕ year is null
03-05 20:48:13.194    6188-6209/com.android.MtpApplication E/MTPJNIInterface﹕ Genre:<unknown>
03-05 20:48:13.209    6188-6209/com.android.MtpApplication E/MTPJNIInterface﹕ Genre:<unknown>
03-05 20:48:13.225    6188-6209/com.android.MtpApplication E/MTPJNIInterface﹕ year is null
03-05 20:48:13.225    6188-6209/com.android.MtpApplication E/MTPJNIInterface﹕ Genre:<unknown>
03-05 20:48:13.240    6188-6209/com.android.MtpApplication E/MTPJNIInterface﹕ Status for mount/Unmount :removed
03-05 20:48:13.240    6188-6209/com.android.MtpApplication E/MTPJNIInterface﹕ SDcard is not available
03-05 20:48:13.240    6188-6209/com.android.MtpApplication E/MTPJNIInterface﹕ Status for mount/Unmount :removed
03-05 20:48:13.240    6188-6209/com.android.MtpApplication E/MTPJNIInterface﹕ SDcard is not available
03-05 20:48:13.280    6188-6209/com.android.MtpApplication E/MTPJNIInterface﹕ Status for mount/Unmount :mounted
03-05 20:48:13.280    6188-6209/com.android.MtpApplication E/MTPJNIInterface﹕ SDcard is  available
03-05 20:48:13.280    6188-6209/com.android.MtpApplication E/SQLiteLog﹕ (21) API call with unopened database connection pointer
03-05 20:48:13.280    6188-6209/com.android.MtpApplication E/SQLiteLog﹕ (21) misuse at line 94419 of [00bb9c9ce4]
03-05 20:48:13.280    6188-6209/com.android.MtpApplication E/SQLiteLog﹕ (21) API call with unopened database connection pointer
03-05 20:48:13.280    6188-6209/com.android.MtpApplication E/SQLiteLog﹕ (21) misuse at line 90934 of [00bb9c9ce4]
03-05 20:48:13.280    6188-6209/com.android.MtpApplication E/SQLiteLog﹕ (21) API call with unopened database connection pointer
03-05 20:48:13.280    6188-6209/com.android.MtpApplication E/SQLiteLog﹕ (21) misuse at line 90934 of [00bb9c9ce4]
03-05 20:48:13.280    6188-6209/com.android.MtpApplication E/SQLiteLog﹕ (21) API call with unopened database connection pointer
03-05 20:48:13.280    6188-6209/com.android.MtpApplication E/SQLiteLog﹕ (21) misuse at line 94419 of [00bb9c9ce4]
03-05 20:48:13.280    6188-6239/com.android.MtpApplication E/﹕ [mtp_init_device]  After open the MTP fd = 46 and line = 658...
03-05 20:48:13.389      487-522/system_process E/WindowStateAnimator﹕ createSurfaceLocked called attrs.flags=8585496
03-05 20:48:13.944      487-716/system_process E/WindowStateAnimator﹕ createSurfaceLocked called attrs.flags=8519682
03-05 20:48:13.967      487-744/system_process E/WindowStateAnimator﹕ createSurfaceLocked called attrs.flags=8454400
03-05 20:48:14.983      114-114/? E/SMD﹕ DCD OFF
03-05 20:48:17.717      487-684/system_process E/WindowStateAnimator﹕ createSurfaceLocked called attrs.flags=8454400
03-05 20:48:17.983      114-114/? E/SMD﹕ DCD OFF
03-05 20:48:20.983      114-114/? E/SMD﹕ DCD OFF
03-05 20:48:21.178    6188-6188/com.android.MtpApplication E/MtpService﹕ In MTPAPP onReceive:android.intent.action.BATTERY_CHANGED
03-05 20:48:21.178    6188-6188/com.android.MtpApplication E/MtpService﹕ battPlugged Type : 2
03-05 20:48:21.178      487-498/system_process E/ActivityThread﹕ Failed to find provider info for com.android.settings.FilterProvider
03-05 20:48:23.983      114-114/? E/SMD﹕ DCD OFF
03-05 20:48:26.990      114-114/? E/SMD﹕ DCD OFF
03-05 20:48:29.990      114-114/? E/SMD﹕ DCD OFF
03-05 20:48:32.990      114-114/? E/SMD﹕ DCD OFF
03-05 20:48:33.905    6188-6188/com.android.MtpApplication E/MTPJNIInterface﹕ In MTPJNIINterface onReceive:com.android.MTP.OBJECT_REMOVED
03-05 20:48:33.912     792-6173/android.process.media E/MtpServerJNI﹕ server is null in send_object_removed
03-05 20:48:33.967    6188-6188/com.android.MtpApplication E/MTPPlaObsrvr﹕ On change is called.false
03-05 20:48:33.967    6188-6188/com.android.MtpApplication E/MTPPlaObsrvr﹕ URI of the playlistcontent://media/external/audio/playlists
03-05 20:48:33.967    6188-6188/com.android.MtpApplication E/MTPPlaObsrvr﹕ Content resolver is not null
03-05 20:48:33.990    6188-6188/com.android.MtpApplication E/MTPPlaObsrvr﹕ Count0mCount0
03-05 20:48:33.990    6188-6188/com.android.MtpApplication E/MTPPlaObsrvr﹕ Neither deleted nor added. Could be rename
03-05 20:48:35.990      114-114/? E/SMD﹕ DCD OFF
03-05 20:48:36.764      487-633/system_process E/Watchdog﹕ !@Sync 53
03-05 20:48:38.553      487-520/system_process E/PowerManagerService﹕ CurLock p:3 mPS:1
03-05 20:48:38.990      114-114/? E/SMD﹕ DCD OFF
03-05 20:48:41.459      487-744/system_process E/PowerManagerService﹕ setPowerState : screenOffFinishedAnimatingLocked
03-05 20:48:41.475      487-520/system_process E/SensorHal﹕ activate, handle: 1598182229, enabled: 0
03-05 20:48:41.600    3944-3944/? E/wpa_supplicant﹕ !!!!!!the cmd is SETSUSPENDMODE 1
03-05 20:48:41.787      122-122/? E/ppd﹕ set_cpu_frequency        : NULL cpu frequency parameters
03-05 20:48:41.990      114-114/? E/SMD﹕ DCD OFF
03-05 20:48:44.990      114-114/? E/SMD﹕ DCD OFF
03-05 20:48:46.490      487-523/system_process E/LockPatternKeyguardView﹕ mIsVoiceUnlockOn=false
03-05 20:48:46.772      487-523/system_process E/CircleShortcutWidget﹕ density = 240
03-05 20:48:46.772      487-523/system_process E/CircleShortcutWidget﹕ pkg name =com.android.contacts, activityName=com.android.contacts.activities.DialtactsActivity
03-05 20:48:46.803      487-523/system_process E/CircleShortcutWidget﹕ pkg name =com.android.browser, activityName=com.android.browser.BrowserActivity
03-05 20:48:46.834      487-523/system_process E/CircleShortcutWidget﹕ pkg name =com.sec.android.app.camera, activityName=com.sec.android.app.camera.Camera
03-05 20:48:47.326      487-523/system_process E/KeyguardViewMediator﹕ 2. Lockscreen lock
03-05 20:48:47.326      487-523/system_process E/KeyguardViewMediator﹕ Phone is boot completed. so can broadcast
03-05 20:48:47.350      487-523/system_process E/WindowStateAnimator﹕ createSurfaceLocked called attrs.flags=17958912
03-05 20:48:47.990      114-114/? E/SMD﹕ DCD OFF
03-05 20:48:49.881    6188-6188/com.android.MtpApplication E/MtpService﹕ In MTPAPP onReceive:android.intent.action.BATTERY_CHANGED
03-05 20:48:49.889    6188-6188/com.android.MtpApplication E/MtpService﹕ battPlugged Type : 2
03-05 20:48:50.990      114-114/? E/SMD﹕ DCD OFF
03-05 20:48:53.990      114-114/? E/SMD﹕ DCD OFF
