03-05 20:33:04.030      487-556/system_process E/WifiP2pStateTracker﹕ getNetworkInfo : NetworkInfo: type: WIFI_P2P[], state: UNKNOWN/IDLE, reason: (unspecified), extra: (none), roaming: false, failover: false, isAvailable: true
03-05 20:33:04.178      487-557/system_process E/WifiP2pStateTracker﹕ getNetworkInfo : NetworkInfo: type: WIFI_P2P[], state: UNKNOWN/IDLE, reason: (unspecified), extra: (none), roaming: false, failover: false, isAvailable: true
03-05 20:33:04.561      487-682/system_process E/WifiP2pStateTracker﹕ getNetworkInfo : NetworkInfo: type: WIFI_P2P[], state: UNKNOWN/IDLE, reason: (unspecified), extra: (none), roaming: false, failover: false, isAvailable: true
03-05 20:33:05.740      487-562/system_process E/WifiP2pStateTracker﹕ getNetworkInfo : NetworkInfo: type: WIFI_P2P[], state: UNKNOWN/IDLE, reason: (unspecified), extra: (none), roaming: false, failover: false, isAvailable: true
03-05 20:33:05.990      487-557/system_process E/WifiP2pStateTracker﹕ getNetworkInfo : NetworkInfo: type: WIFI_P2P[], state: UNKNOWN/IDLE, reason: (unspecified), extra: (none), roaming: false, failover: false, isAvailable: true
03-05 20:33:06.045      487-556/system_process E/WifiP2pStateTracker﹕ getNetworkInfo : NetworkInfo: type: WIFI_P2P[], state: UNKNOWN/IDLE, reason: (unspecified), extra: (none), roaming: false, failover: false, isAvailable: true
03-05 20:33:06.061      487-556/system_process E/WifiP2pStateTracker﹕ getNetworkInfo : NetworkInfo: type: WIFI_P2P[], state: UNKNOWN/IDLE, reason: (unspecified), extra: (none), roaming: false, failover: false, isAvailable: true
03-05 20:33:06.108      487-557/system_process E/WifiP2pStateTracker﹕ getNetworkInfo : NetworkInfo: type: WIFI_P2P[], state: UNKNOWN/IDLE, reason: (unspecified), extra: (none), roaming: false, failover: false, isAvailable: true
03-05 20:33:06.530      487-744/system_process E/WifiP2pStateTracker﹕ getNetworkInfo : NetworkInfo: type: WIFI_P2P[], state: UNKNOWN/IDLE, reason: (unspecified), extra: (none), roaming: false, failover: false, isAvailable: true
03-05 20:33:06.545      487-677/system_process E/WifiP2pStateTracker﹕ getNetworkInfo : NetworkInfo: type: WIFI_P2P[], state: UNKNOWN/IDLE, reason: (unspecified), extra: (none), roaming: false, failover: false, isAvailable: true
03-05 20:33:06.717      487-682/system_process E/WifiP2pStateTracker﹕ getNetworkInfo : NetworkInfo: type: WIFI_P2P[], state: UNKNOWN/IDLE, reason: (unspecified), extra: (none), roaming: false, failover: false, isAvailable: true
03-05 20:33:07.514      487-716/system_process E/WifiP2pStateTracker﹕ getNetworkInfo : NetworkInfo: type: WIFI_P2P[], state: UNKNOWN/IDLE, reason: (unspecified), extra: (none), roaming: false, failover: false, isAvailable: true
03-05 20:33:07.662      487-741/system_process E/WifiP2pStateTracker﹕ getNetworkInfo : NetworkInfo: type: WIFI_P2P[], state: UNKNOWN/IDLE, reason: (unspecified), extra: (none), roaming: false, failover: false, isAvailable: true
03-05 20:33:07.811      487-716/system_process E/ActivityThread﹕ Failed to find provider info for com.android.settings.FilterProvider
03-05 20:33:07.905      487-768/system_process E/WindowStateAnimator﹕ createSurfaceLocked called attrs.flags=262280
03-05 20:33:07.928      487-791/system_process E/WifiP2pStateTracker﹕ getNetworkInfo : NetworkInfo: type: WIFI_P2P[], state: UNKNOWN/IDLE, reason: (unspecified), extra: (none), roaming: false, failover: false, isAvailable: true
03-05 20:33:09.295      487-766/system_process E/WifiP2pStateTracker﹕ getNetworkInfo : NetworkInfo: type: WIFI_P2P[], state: UNKNOWN/IDLE, reason: (unspecified), extra: (none), roaming: false, failover: false, isAvailable: true
03-05 20:33:09.381      487-499/system_process E/WifiP2pStateTracker﹕ getNetworkInfo : NetworkInfo: type: WIFI_P2P[], state: UNKNOWN/IDLE, reason: (unspecified), extra: (none), roaming: false, failover: false, isAvailable: true
03-05 20:33:12.115      487-506/system_process E/NotificationService﹕ Ignoring notification with icon==0: Notification(pri=0 contentView=null vibrate=null sound=null defaults=0x0 flags=0x62 kind=[null])
03-05 20:33:12.123      487-506/system_process E/NotificationService﹕ Ignoring notification with icon==0: Notification(pri=0 contentView=null vibrate=null sound=null defaults=0x0 flags=0x62 kind=[null])
03-05 20:33:12.373      487-677/system_process E/WifiP2pStateTracker﹕ getNetworkInfo : NetworkInfo: type: WIFI_P2P[], state: UNKNOWN/IDLE, reason: (unspecified), extra: (none), roaming: false, failover: false, isAvailable: true
03-05 20:33:13.694      487-741/system_process E/WifiP2pStateTracker﹕ getNetworkInfo : NetworkInfo: type: WIFI_P2P[], state: UNKNOWN/IDLE, reason: (unspecified), extra: (none), roaming: false, failover: false, isAvailable: true
03-05 20:33:13.694      487-506/system_process E/NotificationService﹕ Ignoring notification with icon==0: Notification(pri=0 contentView=null vibrate=null sound=null defaults=0x0 flags=0x62 kind=[null])
03-05 20:33:13.725      487-506/system_process E/NotificationService﹕ Ignoring notification with icon==0: Notification(pri=0 contentView=null vibrate=null sound=null defaults=0x0 flags=0x62 kind=[null])
03-05 20:33:13.803      487-741/system_process E/WifiP2pStateTracker﹕ getNetworkInfo : NetworkInfo: type: WIFI_P2P[], state: UNKNOWN/IDLE, reason: (unspecified), extra: (none), roaming: false, failover: false, isAvailable: true
03-05 20:33:13.936      487-766/system_process E/WifiP2pStateTracker﹕ getNetworkInfo : NetworkInfo: type: WIFI_P2P[], state: UNKNOWN/IDLE, reason: (unspecified), extra: (none), roaming: false, failover: false, isAvailable: true
03-05 20:33:48.381      487-766/system_process E/WindowStateAnimator﹕ createSurfaceLocked called attrs.flags=26280192
03-05 20:33:49.373      487-522/system_process E/WindowStateAnimator﹕ createSurfaceLocked called attrs.flags=8585496
03-05 20:33:49.873      487-791/system_process E/WindowStateAnimator﹕ createSurfaceLocked called attrs.flags=8519682
03-05 20:33:49.905      487-716/system_process E/WindowStateAnimator﹕ createSurfaceLocked called attrs.flags=8454400
03-05 20:33:52.740      487-499/system_process E/WindowStateAnimator﹕ createSurfaceLocked called attrs.flags=8454400
03-05 20:34:32.412      487-520/system_process E/PowerManagerService﹕ setPowerState : screenOffFinishedAnimatingLocked
03-05 20:34:38.678      487-523/system_process E/WindowStateAnimator﹕ createSurfaceLocked called attrs.flags=17958912
03-05 20:35:47.381      487-505/system_process E/MotionRecognitionService﹕ mReceiver.onReceive : ACTION_USER_PRESENT  :: UNLOCK SCREEN
03-05 20:36:17.678      487-520/system_process E/PowerManagerService﹕ setPowerState : screenOffFinishedAnimatingLocked
03-05 20:36:23.490      487-523/system_process E/WindowStateAnimator﹕ createSurfaceLocked called attrs.flags=17958912
03-05 20:36:30.459      487-520/system_process E/PowerManagerService﹕ CurLock p:3 mPS:7
03-05 20:36:31.936      487-505/system_process E/MotionRecognitionService﹕ mReceiver.onReceive : ACTION_USER_PRESENT  :: UNLOCK SCREEN
03-05 20:36:35.256      487-677/system_process E/WindowStateAnimator﹕ createSurfaceLocked called attrs.flags=26280192
03-05 20:36:40.530      487-522/system_process E/WindowStateAnimator﹕ createSurfaceLocked called attrs.flags=8585496
03-05 20:36:41.108      487-682/system_process E/WindowStateAnimator﹕ createSurfaceLocked called attrs.flags=8519682
03-05 20:36:41.139      487-744/system_process E/WindowStateAnimator﹕ createSurfaceLocked called attrs.flags=8454400
03-05 20:36:43.975      487-744/system_process E/WindowStateAnimator﹕ createSurfaceLocked called attrs.flags=8454400
03-05 20:37:53.451    4672-4672/? E/AndroidRuntime﹕ FATAL EXCEPTION: main
    java.lang.OutOfMemoryError
            at android.graphics.BitmapFactory.nativeDecodeStream(Native Method)
            at android.graphics.BitmapFactory.decodeStream(BitmapFactory.java:664)
            at android.graphics.BitmapFactory.decodeFile(BitmapFactory.java:407)
            at android.graphics.BitmapFactory.decodeFile(BitmapFactory.java:445)
            at com.shixian.android.client.utils.DiskLruCache.get(DiskLruCache.java:184)
            at com.shixian.android.client.utils.ImageCache.get(ImageCache.java:94)
            at com.shixian.android.client.utils.ImageUtil.loadingImage(ImageUtil.java:17)
            at com.shixian.android.client.activities.fragment.base.BaseFeedFragment.initFeedItemViewData(BaseFeedFragment.java:777)
            at com.shixian.android.client.activities.fragment.IndexFragment.access$3400(IndexFragment.java:42)
            at com.shixian.android.client.activities.fragment.IndexFragment$FeedAdapter.getView(IndexFragment.java:315)
            at android.widget.HeaderViewListAdapter.getView(HeaderViewListAdapter.java:220)
            at android.widget.AbsListView.obtainView(AbsListView.java:2461)
            at android.widget.ListView.makeAndAddView(ListView.java:1769)
            at android.widget.ListView.fillUp(ListView.java:706)
            at android.widget.ListView.fillGap(ListView.java:645)
            at android.widget.AbsListView.trackMotionScroll(AbsListView.java:5549)
            at android.widget.AbsListView.scrollIfNeeded(AbsListView.java:3429)
            at android.widget.AbsListView.onTouchEvent(AbsListView.java:3921)
            at android.view.View.dispatchTouchEvent(View.java:7379)
            at android.view.ViewGroup.dispatchTransformedTouchEvent(ViewGroup.java:2229)
            at android.view.ViewGroup.dispatchTouchEvent(ViewGroup.java:1964)
            at android.view.ViewGroup.dispatchTransformedTouchEvent(ViewGroup.java:2235)
            at android.view.ViewGroup.dispatchTouchEvent(ViewGroup.java:1978)
            at android.view.ViewGroup.dispatchTransformedTouchEvent(ViewGroup.java:2235)
            at android.view.ViewGroup.dispatchTouchEvent(ViewGroup.java:1978)
            at android.view.ViewGroup.dispatchTransformedTouchEvent(ViewGroup.java:2235)
            at android.view.ViewGroup.dispatchTouchEvent(ViewGroup.java:1978)
            at android.view.ViewGroup.dispatchTransformedTouchEvent(ViewGroup.java:2235)
            at android.view.ViewGroup.dispatchTouchEvent(ViewGroup.java:1978)
            at android.view.ViewGroup.dispatchTransformedTouchEvent(ViewGroup.java:2235)
            at android.view.ViewGroup.dispatchTouchEvent(ViewGroup.java:1978)
            at android.view.ViewGroup.dispatchTransformedTouchEvent(ViewGroup.java:2235)
            at android.view.ViewGroup.dispatchTouchEvent(ViewGroup.java:1978)
            at android.view.ViewGroup.dispatchTransformedTouchEvent(ViewGroup.java:2235)
            at android.view.ViewGroup.dispatchTouchEvent(ViewGroup.java:1978)
            at android.view.ViewGroup.dispatchTransformedTouchEvent(ViewGroup.java:2235)
            at android.view.ViewGroup.dispatchTouchEvent(ViewGroup.java:1978)
            at android.view.ViewGroup.dispatchTransformedTouchEvent(ViewGroup.java:2235)
            at android.view.ViewGroup.dispatchTouchEvent(ViewGroup.java:1978)
            at android.view.ViewGroup.dispatchTransformedTouchEvent(ViewGroup.java:2235)
            at android.view.ViewGroup.dispatchTouchEvent(ViewGroup.java:1978)
            at android.view.ViewGroup.dispatchTransformedTouchEvent(ViewGroup.java:2235)
            at android.view.ViewGroup.dispatchTouchEvent(ViewGroup.java:1978)
            at android.view.ViewGroup.dispatchTransformedTouchEvent(ViewGroup.java:2235)
            at android.view.ViewGroup.dispatchTouchEvent(ViewGroup.java:1978)
            at android.view.ViewGroup.dispatchTransformedTouchEvent(ViewGroup.java:2235)
            at android.view.ViewGroup.dispatchTouchEvent(ViewGroup.java:1978)
            at com.android.internal.policy.impl.PhoneWindow$DecorView.superDispatchTouchEvent(PhoneWindow.java:2177)
            at com.android.internal.policy.impl.PhoneWindow.superDispatchTouchEvent(PhoneWindow.java:1482)
            at android.app.Activity.dispatchTouchEvent(Activity.java:2483)
            at com.android.internal.policy.impl.PhoneWindow$DecorView.dispatchTouchEvent(PhoneWindow.java:2125)
            at android.view.View.dispatchPointerEvent(View.java:7564)
            at android.view.ViewRootImpl.deliverPointerEvent(ViewRootImpl.java:3376)
            at android.view.ViewRootImpl.deliverInputEvent(ViewRootIm
03-05 20:38:00.514      487-741/system_process E/WindowStateAnimator﹕ createSurfaceLocked called attrs.flags=26280192
03-05 20:38:00.576      487-506/system_process E/WindowStateAnimator﹕ createSurfaceLocked called attrs.flags=1082261506
03-05 20:38:31.748      487-520/system_process E/PowerManagerService﹕ setPowerState : screenOffFinishedAnimatingLocked
03-05 20:38:37.623      487-523/system_process E/WindowStateAnimator﹕ createSurfaceLocked called attrs.flags=17958912
03-05 20:39:27.647      487-505/system_process E/MotionRecognitionService﹕ mReceiver.onReceive : ACTION_USER_PRESENT  :: UNLOCK SCREEN
03-05 20:39:40.639      487-531/system_process E/PowerManagerService﹕ setPowerState : screenOffFinishedAnimatingLocked
03-05 20:39:42.084      487-523/system_process E/WindowStateAnimator﹕ createSurfaceLocked called attrs.flags=17958912
03-05 20:39:43.084      487-505/system_process E/MotionRecognitionService﹕ mReceiver.onReceive : ACTION_USER_PRESENT  :: UNLOCK SCREEN
03-05 20:39:48.217      487-522/system_process E/WindowStateAnimator﹕ createSurfaceLocked called attrs.flags=8585496
03-05 20:39:48.608      487-498/system_process E/WindowStateAnimator﹕ createSurfaceLocked called attrs.flags=8519682
03-05 20:39:48.670      487-741/system_process E/WindowStateAnimator﹕ createSurfaceLocked called attrs.flags=8454400
03-05 20:39:53.694      487-744/system_process E/WindowStateAnimator﹕ createSurfaceLocked called attrs.flags=8454400
03-05 20:40:45.022      122-122/? E/ppd﹕ set_cpu_frequency        : NULL cpu frequency parameters
03-05 20:40:45.155      122-122/? E/ppd﹕ set_cpu_frequency        : NULL cpu frequency parameters
03-05 20:40:45.483      122-122/? E/ppd﹕ set_cpu_frequency        : NULL cpu frequency parameters
03-05 20:40:45.592      122-122/? E/ppd﹕ set_cpu_frequency        : NULL cpu frequency parameters
03-05 20:40:45.975      122-122/? E/ppd﹕ set_cpu_frequency        : NULL cpu frequency parameters
03-05 20:40:46.053      122-122/? E/ppd﹕ set_cpu_frequency        : NULL cpu frequency parameters
03-05 20:40:46.365      122-122/? E/ppd﹕ set_cpu_frequency        : NULL cpu frequency parameters
03-05 20:40:46.483      122-122/? E/ppd﹕ set_cpu_frequency        : NULL cpu frequency parameters
03-05 20:40:46.811      122-122/? E/ppd﹕ set_cpu_frequency        : NULL cpu frequency parameters
03-05 20:40:46.951      122-122/? E/ppd﹕ set_cpu_frequency        : NULL cpu frequency parameters
03-05 20:40:47.264      122-122/? E/ppd﹕ set_cpu_frequency        : NULL cpu frequency parameters
03-05 20:40:47.420      122-122/? E/ppd﹕ set_cpu_frequency        : NULL cpu frequency parameters
03-05 20:40:47.639      114-114/? E/SMD﹕ DCD OFF
03-05 20:40:47.756      122-122/? E/ppd﹕ set_cpu_frequency        : NULL cpu frequency parameters
03-05 20:40:47.865      122-122/? E/ppd﹕ set_cpu_frequency        : NULL cpu frequency parameters
03-05 20:40:48.194      122-122/? E/ppd﹕ set_cpu_frequency        : NULL cpu frequency parameters
03-05 20:40:48.311      122-122/? E/ppd﹕ set_cpu_frequency        : NULL cpu frequency parameters
03-05 20:40:48.670      122-122/? E/ppd﹕ set_cpu_frequency        : NULL cpu frequency parameters
03-05 20:40:48.748      122-122/? E/ppd﹕ set_cpu_frequency        : NULL cpu frequency parameters
03-05 20:40:48.881      634-634/? E/MtpService﹕ In MTPAPP onReceive:android.intent.action.BATTERY_CHANGED
03-05 20:40:48.881      634-634/? E/MtpService﹕ battPlugged Type : 2
03-05 20:40:49.092      122-122/? E/ppd﹕ set_cpu_frequency        : NULL cpu frequency parameters
03-05 20:40:49.162      122-122/? E/ppd﹕ set_cpu_frequency        : NULL cpu frequency parameters
03-05 20:40:49.490      122-122/? E/ppd﹕ set_cpu_frequency        : NULL cpu frequency parameters
03-05 20:40:49.600      122-122/? E/ppd﹕ set_cpu_frequency        : NULL cpu frequency parameters
03-05 20:40:49.967      122-122/? E/ppd﹕ set_cpu_frequency        : NULL cpu frequency parameters
03-05 20:40:50.022      122-122/? E/ppd﹕ set_cpu_frequency        : NULL cpu frequency parameters
03-05 20:40:50.342    5294-5294/? E/dalvikvm-heap﹕ Out of memory on a 17640080-byte allocation.
03-05 20:40:50.358    5294-5294/? E/AndroidRuntime﹕ FATAL EXCEPTION: main
    android.view.InflateException: Binary XML file line #18: Error inflating class <unknown>
            at android.view.LayoutInflater.createView(LayoutInflater.java:619)
            at android.view.LayoutInflater.createViewFromTag(LayoutInflater.java:693)
            at android.view.LayoutInflater.rInflate(LayoutInflater.java:752)
            at android.view.LayoutInflater.rInflate(LayoutInflater.java:760)
            at android.view.LayoutInflater.inflate(LayoutInflater.java:495)
            at android.view.LayoutInflater.inflate(LayoutInflater.java:397)
            at com.shixian.android.client.activities.fragment.base.BaseFeedFragment.initCommentItem(BaseFeedFragment.java:891)
            at com.shixian.android.client.activities.fragment.IndexFragment.access$3500(IndexFragment.java:42)
            at com.shixian.android.client.activities.fragment.IndexFragment$FeedAdapter.getView(IndexFragment.java:325)
            at android.widget.HeaderViewListAdapter.getView(HeaderViewListAdapter.java:220)
            at android.widget.AbsListView.obtainView(AbsListView.java:2477)
            at android.widget.ListView.makeAndAddView(ListView.java:1769)
            at android.widget.ListView.fillDown(ListView.java:672)
            at android.widget.ListView.fillGap(ListView.java:636)
            at android.widget.AbsListView.trackMotionScroll(AbsListView.java:5549)
            at android.widget.AbsListView$FlingRunnable.run(AbsListView.java:4693)
            at android.view.Choreographer$CallbackRecord.run(Choreographer.java:755)
            at android.view.Choreographer.doCallbacks(Choreographer.java:585)
            at android.view.Choreographer.doFrame(Choreographer.java:554)
            at android.view.Choreographer$FrameDisplayEventReceiver.run(Choreographer.java:741)
            at android.os.Handler.handleCallback(Handler.java:615)
            at android.os.Handler.dispatchMessage(Handler.java:92)
            at android.os.Looper.loop(Looper.java:137)
            at android.app.ActivityThread.main(ActivityThread.java:4944)
            at java.lang.reflect.Method.invokeNative(Native Method)
            at java.lang.reflect.Method.invoke(Method.java:511)
            at com.android.internal.os.ZygoteInit$MethodAndArgsCaller.run(ZygoteInit.java:1043)
            at com.android.internal.os.ZygoteInit.main(ZygoteInit.java:810)
            at dalvik.system.NativeStart.main(Native Method)
     Caused by: java.lang.reflect.InvocationTargetException
            at java.lang.reflect.Constructor.constructNative(Native Method)
            at java.lang.reflect.Constructor.newInstance(Constructor.java:417)
            at android.view.LayoutInflater.createView(LayoutInflater.java:593)
            at android.view.LayoutInflater.createViewFromTag(LayoutInflater.java:693)
            at android.view.LayoutInflater.rInflate(LayoutInflater.java:752)
            at android.view.LayoutInflater.rInflate(LayoutInflater.java:760)
            at android.view.LayoutInflater.inflate(LayoutInflater.java:495)
            at android.view.LayoutInflater.inflate(LayoutInflater.java:397)
            at com.shixian.android.client.activities.fragment.base.BaseFeedFragment.initCommentItem(BaseFeedFragment.java:891)
            at com.shixian.android.client.activities.fragment.IndexFragment.access$3500(IndexFragment.java:42)
            at com.shixian.android.client.activities.fragment.IndexFragment$FeedAdapter.getView(IndexFragment.java:325)
            at android.widget.HeaderViewListAdapter.getView(HeaderViewListAdapter.java:220)
            at android.widget.AbsListView.obtainView(AbsListView.java:2477)
            at android.widget.ListView.makeAndAddView(ListView.java:1769)
            at android.widget.ListView.fillDown(ListView.java:672)
            at android.widget.ListView.fillGap(ListView.java:636)
            at android.widget.AbsListView.trackMotionScroll(AbsListView.java:5549)
            at android.widget.AbsListView$FlingRunnable.run(AbsListView.java:4693)
            at android.view.Choreographer$CallbackRecord.run(Choreographer.java:755)
            at android.view.Choreographer.doCallbacks(Choreographer.java:585)
            at android.view.Choreographer.doFrame(Choreographer.java:554)
            at android.view.Choreographer$FrameDisplayEventReceiver.run(Choreographer.java:741)
            at android.os.Handler.handleCallback(Handler.java:615)
            at android.os.Handler.dispatchMessage(Handler.java:92)
            at android.os.Looper.loop(Looper.java:137)
            at android.app.ActivityThread.main(ActivityThread.java:4944)
            at java.lang.reflect.Method.invokeNative(Native Method)
            at java.lang.reflect.Method.invoke(Method.java:511)
            at com.android.internal.os.ZygoteInit$MethodAndArgsCaller.run(ZygoteInit.java:1043)
            at com.android.internal.os.ZygoteInit.main(ZygoteInit.java:810)
            at dalvik.system.NativeStart.main(Native Method)
     Caused by: java.lang.OutOfMemoryError
            at android.graphics.BitmapFactory.nativeDecodeAsset(Native Method)
            at android.graphics.BitmapFactory.decodeStream(BitmapFactory.java:637)
            at android.graphics.BitmapFactory.decodeResourceStream(BitmapFactory.java:472)
            at android.graphics.drawable.Drawable.createFromResourceStream(Drawable.java:813)
            at android.content.res.Resources.loadDrawable(Resources.java:2277)
            at android.content.res.TypedArray.getDrawable(TypedArray.java:601)
            at android.widget.ImageView.<init>(ImageView.java:126)
            at android.widget.ImageView.<init>(ImageView.java:116)
            at com.shixian.android.client.views.RoundCornerImageView.<init>(RoundCornerImageView.java:14)
            at java.lang.reflect.Constructor.constructNative(Native Method)
            at java.lang.reflect.Constructor.newInstance(Constructor.java:417)
            at android.view.LayoutInflater.createView(LayoutInflater.java:593)
            at android.view.LayoutInflater.createViewFromTag(LayoutInflater.java:693)
            at android.view.LayoutInflater.rInflate(LayoutInflater.java:752)
            at android.view.LayoutInflater.rInflate(LayoutInflater.java:760)
            at android.view.LayoutInflater.inflate(LayoutInflater.java:495)
            at android.view.LayoutInflater.inflate(LayoutInflater.java:397)
            at com.shixian.android.client.activities.fragment.base.BaseFeedFragment.initCommentItem(BaseFeedFragment.java:891)
            at com.shixian.android.client.activities.fragment.IndexFragment.access$3500(IndexFragment.java:42)
            at com.shixian.android.client.activities.fragment.IndexFragment$FeedAdapter.getView(IndexFragment.java:325)
            at android.widget.HeaderViewListAdapter.getView(HeaderViewListAdapter.java:220)
            at android.widget.AbsListView.obtainView(AbsListView.java:2477)
            at android.widget.ListView.makeAndAddView(ListView.java:1769)
            at android.widget.ListView.fillDown(ListView.java:672)
            at android.widget.ListView.fillGap(ListView.java:636)
            at android.widget.AbsListView.trackMotionScroll(AbsListView.java:5549)
            at android.widget.AbsListView$FlingRunnable.run(AbsListView.java:4693)
            at android.view.Choreographer$CallbackRecord.run(Choreographer.java:755)
            at android.view.Choreographer.doCallbacks(Choreographer.java:585)
            at android.view.Choreographer.doFrame(Choreographer.java:554)
            at android.view.Choreographer$FrameDisplayEventReceiver.run(Choreographer.java:741)
            at android.os.Handler.handleCallback(Handler.java:615)
            at android.os.Handler.dispatchMessage(Handler.java:92)
            at android.os.Looper.loop(Looper.java:137)
            at android.app.ActivityThread.main(ActivityThread.java:4944)
            at java.lang.reflect.Method.invokeNative(Native Method)
            at java.lang.reflect.Method.invoke(Method.java:511)
            at com.android.internal.os.ZygoteInit$MethodAndArgsCaller.run(ZygoteInit.java:1043)
            at com.android.internal.os.ZygoteInit.main(ZygoteInit.java:810)
            at dalvik.system.NativeStart.main(Native Method)
03-05 20:40:50.381      487-506/system_process E/android.os.Debug﹕ !@Dumpstate > dumpstate -k -t -z -d -o /data/log/dumpstate_app_error
03-05 20:40:50.397      122-122/? E/ppd﹕ set_cpu_frequency        : NULL cpu frequency parameters
03-05 20:40:50.475      122-122/? E/ppd﹕ set_cpu_frequency        : NULL cpu frequency parameters
03-05 20:40:50.639      114-114/? E/SMD﹕ DCD OFF
03-05 20:40:50.803      122-122/? E/ppd﹕ set_cpu_frequency        : NULL cpu frequency parameters
03-05 20:40:50.905      122-122/? E/ppd﹕ set_cpu_frequency        : NULL cpu frequency parameters
03-05 20:40:51.233      122-122/? E/ppd﹕ set_cpu_frequency        : NULL cpu frequency parameters
03-05 20:40:51.350      122-122/? E/ppd﹕ set_cpu_frequency        : NULL cpu frequency parameters
03-05 20:40:51.701      122-122/? E/ppd﹕ set_cpu_frequency        : NULL cpu frequency parameters
03-05 20:40:51.819      122-122/? E/ppd﹕ set_cpu_frequency        : NULL cpu frequency parameters
03-05 20:40:52.170      122-122/? E/ppd﹕ set_cpu_frequency        : NULL cpu frequency parameters
03-05 20:40:52.350      122-122/? E/ppd﹕ set_cpu_frequency        : NULL cpu frequency parameters
03-05 20:40:52.717      122-122/? E/ppd﹕ set_cpu_frequency        : NULL cpu frequency parameters
03-05 20:40:53.514      122-122/? E/ppd﹕ set_cpu_frequency        : NULL cpu frequency parameters
03-05 20:40:53.639      114-114/? E/SMD﹕ DCD OFF
03-05 20:40:53.967      122-122/? E/ppd﹕ set_cpu_frequency        : NULL cpu frequency parameters
03-05 20:40:54.092      122-122/? E/ppd﹕ set_cpu_frequency        : NULL cpu frequency parameters
03-05 20:40:54.905      122-122/? E/ppd﹕ set_cpu_frequency        : NULL cpu frequency parameters
03-05 20:40:56.694      114-114/? E/SMD﹕ DCD OFF
03-05 20:40:57.053      769-769/com.sec.android.app.launcher E/Launcher﹕ Error finding setting, default accessibility to not found: accessibility_enabled
03-05 20:40:57.092      487-506/system_process E/WindowStateAnimator﹕ createSurfaceLocked called attrs.flags=1082261506
03-05 20:40:57.147      487-684/system_process E/WindowStateAnimator﹕ createSurfaceLocked called attrs.flags=26280192
03-05 20:40:57.951      122-122/? E/ppd﹕ set_cpu_frequency        : NULL cpu frequency parameters
03-05 20:40:58.217      122-122/? E/ppd﹕ set_cpu_frequency        : NULL cpu frequency parameters
03-05 20:40:58.279      122-122/? E/ppd﹕ set_cpu_frequency        : NULL cpu frequency parameters
03-05 20:40:58.592      122-122/? E/ppd﹕ set_cpu_frequency        : NULL cpu frequency parameters
03-05 20:40:59.428      106-425/? E/audio_hw_mrvl﹕ ---------------write error is Broken pipe---------------
03-05 20:40:59.694      114-114/? E/SMD﹕ DCD OFF
03-05 20:41:02.756      114-114/? E/SMD﹕ DCD OFF
03-05 20:41:05.756      114-114/? E/SMD﹕ DCD OFF
03-05 20:41:06.694      487-633/system_process E/Watchdog﹕ !@Sync 38
03-05 20:41:08.764      114-114/? E/SMD﹕ DCD OFF
03-05 20:41:11.764      114-114/? E/SMD﹕ DCD OFF
03-05 20:41:14.764      114-114/? E/SMD﹕ DCD OFF
03-05 20:41:17.764      114-114/? E/SMD﹕ DCD OFF
03-05 20:41:20.764      114-114/? E/SMD﹕ DCD OFF
03-05 20:41:23.764      114-114/? E/SMD﹕ DCD OFF
03-05 20:41:26.764      114-114/? E/SMD﹕ DCD OFF
03-05 20:41:28.272      487-520/system_process E/PowerManagerService﹕ setPowerState : screenOffFinishedAnimatingLocked
03-05 20:41:28.311      487-520/system_process E/SensorHal﹕ activate, handle: 1598182229, enabled: 0
03-05 20:41:28.420    3944-3944/? E/wpa_supplicant﹕ !!!!!!the cmd is SETSUSPENDMODE 1
03-05 20:41:28.631      122-122/? E/ppd﹕ set_cpu_frequency        : NULL cpu frequency parameters
03-05 20:41:29.772      114-114/? E/SMD﹕ DCD OFF
03-05 20:41:30.053      634-634/? E/MtpService﹕ In MTPAPP onReceive:android.intent.action.BATTERY_CHANGED
03-05 20:41:30.053      634-634/? E/MtpService﹕ battPlugged Type : 2
03-05 20:41:32.772      114-114/? E/SMD﹕ DCD OFF
03-05 20:41:33.350      487-523/system_process E/LockPatternKeyguardView﹕ mIsVoiceUnlockOn=false
03-05 20:41:33.740      487-523/system_process E/CircleShortcutWidget﹕ density = 240
03-05 20:41:33.740      487-523/system_process E/CircleShortcutWidget﹕ pkg name =com.android.contacts, activityName=com.android.contacts.activities.DialtactsActivity
03-05 20:41:33.772      487-523/system_process E/CircleShortcutWidget﹕ pkg name =com.android.browser, activityName=com.android.browser.BrowserActivity
03-05 20:41:33.803      487-523/system_process E/CircleShortcutWidget﹕ pkg name =com.sec.android.app.camera, activityName=com.sec.android.app.camera.Camera
03-05 20:41:34.428      487-523/system_process E/KeyguardViewMediator﹕ 2. Lockscreen lock
03-05 20:41:34.428      487-523/system_process E/KeyguardViewMediator﹕ Phone is boot completed. so can broadcast
03-05 20:41:34.436      487-520/system_process E/SensorHal﹕ activate, handle: 1598182229, enabled: 1
03-05 20:41:34.475      487-523/system_process E/WindowStateAnimator﹕ createSurfaceLocked called attrs.flags=17958912
03-05 20:41:34.483    3944-3944/? E/wpa_supplicant﹕ !!!!!!the cmd is SETSUSPENDMODE 0
03-05 20:41:34.725      122-122/? E/ppd﹕ set_cpu_frequency        : NULL cpu frequency parameters
03-05 20:41:35.334      122-122/? E/ppd﹕ set_cpu_frequency        : NULL cpu frequency parameters
03-05 20:41:35.537      769-769/com.sec.android.app.launcher E/Launcher﹕ Error finding setting, default accessibility to not found: accessibility_enabled
03-05 20:41:35.553      487-523/system_process E/KeyguardViewMediator﹕ 3. Lockscreen unlock
03-05 20:41:35.553      487-523/system_process E/KeyguardViewMediator﹕ Phone is boot completed. so can broadcast
03-05 20:41:35.561      487-523/system_process E/KeyguardViewMediator﹕ Phone is boot completed. so can broadcast
03-05 20:41:35.569      487-505/system_process E/MotionRecognitionService﹕ mReceiver.onReceive : ACTION_USER_PRESENT  :: UNLOCK SCREEN
03-05 20:41:35.694      122-122/? E/ppd﹕ set_cpu_frequency        : NULL cpu frequency parameters
03-05 20:41:35.764      114-114/? E/SMD﹕ DCD OFF
03-05 20:41:36.694      487-633/system_process E/Watchdog﹕ !@Sync 39
03-05 20:41:38.764      114-114/? E/SMD﹕ DCD OFF
03-05 20:41:41.764      114-114/? E/SMD﹕ DCD OFF
03-05 20:41:44.780      114-114/? E/SMD﹕ DCD OFF
03-05 20:41:47.787      114-114/? E/SMD﹕ DCD OFF
03-05 20:41:49.030      634-634/? E/MtpService﹕ In MTPAPP onReceive:android.intent.action.BATTERY_CHANGED
03-05 20:41:49.030      634-634/? E/MtpService﹕ battPlugged Type : 2
03-05 20:41:50.780      114-114/? E/SMD﹕ DCD OFF
03-05 20:41:53.787      114-114/? E/SMD﹕ DCD OFF
03-05 20:41:56.780      114-114/? E/SMD﹕ DCD OFF
03-05 20:41:59.787      114-114/? E/SMD﹕ DCD OFF
03-05 20:42:02.787      114-114/? E/SMD﹕ DCD OFF
03-05 20:42:05.787      114-114/? E/SMD﹕ DCD OFF
03-05 20:42:05.858      487-520/system_process E/PowerManagerService﹕ setPowerState : screenOffFinishedAnimatingLocked
03-05 20:42:05.912      487-520/system_process E/SensorHal﹕ activate, handle: 1598182229, enabled: 0
03-05 20:42:06.030    3944-3944/? E/wpa_supplicant﹕ !!!!!!the cmd is SETSUSPENDMODE 1
03-05 20:42:06.272      122-122/? E/ppd﹕ set_cpu_frequency        : NULL cpu frequency parameters
03-05 20:42:06.701      487-633/system_process E/Watchdog﹕ !@Sync 40
03-05 20:42:08.787      114-114/? E/SMD﹕ DCD OFF
03-05 20:42:10.912      487-523/system_process E/LockPatternKeyguardView﹕ mIsVoiceUnlockOn=false
03-05 20:42:11.115      487-523/system_process E/CircleShortcutWidget﹕ density = 240
03-05 20:42:11.115      487-523/system_process E/CircleShortcutWidget﹕ pkg name =com.android.contacts, activityName=com.android.contacts.activities.DialtactsActivity
03-05 20:42:11.139      487-523/system_process E/CircleShortcutWidget﹕ pkg name =com.android.browser, activityName=com.android.browser.BrowserActivity
03-05 20:42:11.155      487-523/system_process E/CircleShortcutWidget﹕ pkg name =com.sec.android.app.camera, activityName=com.sec.android.app.camera.Camera
03-05 20:42:11.498      487-523/system_process E/KeyguardViewMediator﹕ 2. Lockscreen lock
03-05 20:42:11.498      487-523/system_process E/KeyguardViewMediator﹕ Phone is boot completed. so can broadcast
03-05 20:42:11.522      487-523/system_process E/WindowStateAnimator﹕ createSurfaceLocked called attrs.flags=17958912
03-05 20:42:11.787      114-114/? E/SMD﹕ DCD OFF
03-05 20:42:14.795      114-114/? E/SMD﹕ DCD OFF
03-05 20:42:17.795      114-114/? E/SMD﹕ DCD OFF
03-05 20:42:20.795      114-114/? E/SMD﹕ DCD OFF
03-05 20:42:23.795      114-114/? E/SMD﹕ DCD OFF
03-05 20:42:26.803      114-114/? E/SMD﹕ DCD OFF
03-05 20:42:29.803      114-114/? E/SMD﹕ DCD OFF
03-05 20:42:32.803      114-114/? E/SMD﹕ DCD OFF
03-05 20:42:35.803      114-114/? E/SMD﹕ DCD OFF
03-05 20:42:36.701      487-633/system_process E/Watchdog﹕ !@Sync 41
03-05 20:42:38.803      114-114/? E/SMD﹕ DCD OFF
03-05 20:42:41.803      114-114/? E/SMD﹕ DCD OFF
03-05 20:42:44.811      114-114/? E/SMD﹕ DCD OFF
03-05 20:42:47.803      114-114/? E/SMD﹕ DCD OFF
03-05 20:42:49.155      634-634/? E/MtpService﹕ In MTPAPP onReceive:android.intent.action.BATTERY_CHANGED
03-05 20:42:49.155      634-634/? E/MtpService﹕ battPlugged Type : 2
03-05 20:42:50.811      114-114/? E/SMD﹕ DCD OFF
03-05 20:42:53.811      114-114/? E/SMD﹕ DCD OFF
03-05 20:42:56.811      114-114/? E/SMD﹕ DCD OFF
03-05 20:42:59.811      114-114/? E/SMD﹕ DCD OFF
03-05 20:43:02.811      114-114/? E/SMD﹕ DCD OFF
03-05 20:43:05.811      114-114/? E/SMD﹕ DCD OFF
03-05 20:43:06.701      487-633/system_process E/Watchdog﹕ !@Sync 42
03-05 20:43:08.811      114-114/? E/SMD﹕ DCD OFF
03-05 20:43:11.811      114-114/? E/SMD﹕ DCD OFF
03-05 20:43:14.819      114-114/? E/SMD﹕ DCD OFF
03-05 20:43:17.819      114-114/? E/SMD﹕ DCD OFF
03-05 20:43:20.819      114-114/? E/SMD﹕ DCD OFF
03-05 20:43:23.819      114-114/? E/SMD﹕ DCD OFF
03-05 20:43:26.819      114-114/? E/SMD﹕ DCD OFF
03-05 20:43:29.819      114-114/? E/SMD﹕ DCD OFF
03-05 20:43:32.819      114-114/? E/SMD﹕ DCD OFF
03-05 20:43:35.819      114-114/? E/SMD﹕ DCD OFF
03-05 20:43:36.701      487-633/system_process E/Watchdog﹕ !@Sync 43
03-05 20:43:38.819      114-114/? E/SMD﹕ DCD OFF
03-05 20:43:41.819      114-114/? E/SMD﹕ DCD OFF
03-05 20:43:44.826      114-114/? E/SMD﹕ DCD OFF
03-05 20:43:47.826      114-114/? E/SMD﹕ DCD OFF
03-05 20:43:49.248      634-634/? E/MtpService﹕ In MTPAPP onReceive:android.intent.action.BATTERY_CHANGED
03-05 20:43:49.248      634-634/? E/MtpService﹕ battPlugged Type : 2
03-05 20:43:50.826      114-114/? E/SMD﹕ DCD OFF
03-05 20:43:53.826      114-114/? E/SMD﹕ DCD OFF
03-05 20:43:56.826      114-114/? E/SMD﹕ DCD OFF
03-05 20:43:58.990      487-520/system_process E/SensorHal﹕ activate, handle: 1598182229, enabled: 1
03-05 20:43:59.061    3944-3944/? E/wpa_supplicant﹕ !!!!!!the cmd is SETSUSPENDMODE 0
03-05 20:43:59.459      122-122/? E/ppd﹕ set_cpu_frequency        : NULL cpu frequency parameters
03-05 20:43:59.639      122-122/? E/ppd﹕ set_cpu_frequency        : NULL cpu frequency parameters
03-05 20:43:59.819      114-114/? E/SMD﹕ DCD OFF
03-05 20:43:59.858      769-769/com.sec.android.app.launcher E/Launcher﹕ Error finding setting, default accessibility to not found: accessibility_enabled
03-05 20:43:59.865      487-523/system_process E/KeyguardViewMediator﹕ 3. Lockscreen unlock
03-05 20:43:59.873      487-523/system_process E/KeyguardViewMediator﹕ Phone is boot completed. so can broadcast
03-05 20:43:59.881      487-523/system_process E/KeyguardViewMediator﹕ Phone is boot completed. so can broadcast
03-05 20:43:59.889      487-505/system_process E/MotionRecognitionService﹕ mReceiver.onReceive : ACTION_USER_PRESENT  :: UNLOCK SCREEN
03-05 20:44:00.037      122-122/? E/ppd﹕ set_cpu_frequency        : NULL cpu frequency parameters
03-05 20:44:02.826      114-114/? E/SMD﹕ DCD OFF
03-05 20:44:03.154      106-425/? E/audio_hw_mrvl﹕ ---------------write error is Broken pipe---------------
03-05 20:44:05.834      114-114/? E/SMD﹕ DCD OFF
03-05 20:44:06.701      487-633/system_process E/Watchdog﹕ !@Sync 44
03-05 20:44:08.834      114-114/? E/SMD﹕ DCD OFF
03-05 20:44:11.834      114-114/? E/SMD﹕ DCD OFF
03-05 20:44:14.842      114-114/? E/SMD﹕ DCD OFF
03-05 20:44:17.842      114-114/? E/SMD﹕ DCD OFF
03-05 20:44:20.842      114-114/? E/SMD﹕ DCD OFF
03-05 20:44:23.842      114-114/? E/SMD﹕ DCD OFF
03-05 20:44:26.834      114-114/? E/SMD﹕ DCD OFF
03-05 20:44:29.842      114-114/? E/SMD﹕ DCD OFF
03-05 20:44:30.178      487-520/system_process E/PowerManagerService﹕ setPowerState : screenOffFinishedAnimatingLocked
03-05 20:44:30.209      487-520/system_process E/SensorHal﹕ activate, handle: 1598182229, enabled: 0
03-05 20:44:30.319    3944-3944/? E/wpa_supplicant﹕ !!!!!!the cmd is SETSUSPENDMODE 1
03-05 20:44:30.498      122-122/? E/ppd﹕ set_cpu_frequency        : NULL cpu frequency parameters
03-05 20:44:32.397      634-634/? E/MtpService﹕ In MTPAPP onReceive:android.intent.action.BATTERY_CHANGED
03-05 20:44:32.397      634-634/? E/MtpService﹕ battPlugged Type : 2
03-05 20:44:32.834      114-114/? E/SMD﹕ DCD OFF
03-05 20:44:35.225      487-523/system_process E/LockPatternKeyguardView﹕ mIsVoiceUnlockOn=false
03-05 20:44:35.459      487-523/system_process E/CircleShortcutWidget﹕ density = 240
03-05 20:44:35.459      487-523/system_process E/CircleShortcutWidget﹕ pkg name =com.android.contacts, activityName=com.android.contacts.activities.DialtactsActivity
03-05 20:44:35.483      487-523/system_process E/CircleShortcutWidget﹕ pkg name =com.android.browser, activityName=com.android.browser.BrowserActivity
03-05 20:44:35.506      487-523/system_process E/CircleShortcutWidget﹕ pkg name =com.sec.android.app.camera, activityName=com.sec.android.app.camera.Camera
03-05 20:44:35.834      114-114/? E/SMD﹕ DCD OFF
03-05 20:44:35.865      487-523/system_process E/KeyguardViewMediator﹕ 2. Lockscreen lock
03-05 20:44:35.865      487-523/system_process E/KeyguardViewMediator﹕ Phone is boot completed. so can broadcast
03-05 20:44:35.889      487-523/system_process E/WindowStateAnimator﹕ createSurfaceLocked called attrs.flags=17958912
03-05 20:44:36.756      487-633/system_process E/Watchdog﹕ !@Sync 45
03-05 20:44:38.842      114-114/? E/SMD﹕ DCD OFF
03-05 20:44:41.842      114-114/? E/SMD﹕ DCD OFF
03-05 20:44:44.842      114-114/? E/SMD﹕ DCD OFF
03-05 20:44:47.842      114-114/? E/SMD﹕ DCD OFF
03-05 20:44:49.405      634-634/? E/MtpService﹕ In MTPAPP onReceive:android.intent.action.BATTERY_CHANGED
03-05 20:44:49.405      634-634/? E/MtpService﹕ battPlugged Type : 2
03-05 20:44:50.850      114-114/? E/SMD﹕ DCD OFF
03-05 20:44:53.850      114-114/? E/SMD﹕ DCD OFF
03-05 20:44:56.850      114-114/? E/SMD﹕ DCD OFF
03-05 20:44:59.850      114-114/? E/SMD﹕ DCD OFF
03-05 20:45:02.850      114-114/? E/SMD﹕ DCD OFF
03-05 20:45:05.850      114-114/? E/SMD﹕ DCD OFF
03-05 20:45:06.756      487-633/system_process E/Watchdog﹕ !@Sync 46
03-05 20:45:08.850      114-114/? E/SMD﹕ DCD OFF
03-05 20:45:11.850      114-114/? E/SMD﹕ DCD OFF
03-05 20:45:14.897      114-114/? E/SMD﹕ DCD OFF
03-05 20:45:17.897      114-114/? E/SMD﹕ DCD OFF
03-05 20:45:20.897      114-114/? E/SMD﹕ DCD OFF
03-05 20:45:23.897      114-114/? E/SMD﹕ DCD OFF
03-05 20:45:26.897      114-114/? E/SMD﹕ DCD OFF
03-05 20:45:29.897      114-114/? E/SMD﹕ DCD OFF
03-05 20:45:32.897      114-114/? E/SMD﹕ DCD OFF
03-05 20:45:35.905      114-114/? E/SMD﹕ DCD OFF
03-05 20:45:36.756      487-633/system_process E/Watchdog﹕ !@Sync 47
03-05 20:45:38.897      114-114/? E/SMD﹕ DCD OFF
03-05 20:45:41.905      114-114/? E/SMD﹕ DCD OFF
03-05 20:45:44.905      114-114/? E/SMD﹕ DCD OFF
03-05 20:45:47.905      114-114/? E/SMD﹕ DCD OFF
03-05 20:45:49.537      634-634/? E/MtpService﹕ In MTPAPP onReceive:android.intent.action.BATTERY_CHANGED
03-05 20:45:49.537      634-634/? E/MtpService﹕ battPlugged Type : 2
03-05 20:45:50.905      114-114/? E/SMD﹕ DCD OFF
03-05 20:45:53.905      114-114/? E/SMD﹕ DCD OFF
03-05 20:45:56.569      487-520/system_process E/SensorHal﹕ activate, handle: 1598182229, enabled: 1
03-05 20:45:56.686    3944-3944/? E/wpa_supplicant﹕ !!!!!!the cmd is SETSUSPENDMODE 0
03-05 20:45:56.889      122-122/? E/ppd﹕ set_cpu_frequency        : NULL cpu frequency parameters
03-05 20:45:56.905      114-114/? E/SMD﹕ DCD OFF
03-05 20:45:57.217      122-122/? E/ppd﹕ set_cpu_frequency        : NULL cpu frequency parameters
03-05 20:45:57.381      769-769/com.sec.android.app.launcher E/Launcher﹕ Error finding setting, default accessibility to not found: accessibility_enabled
03-05 20:45:57.397      487-523/system_process E/KeyguardViewMediator﹕ 3. Lockscreen unlock
03-05 20:45:57.397      487-523/system_process E/KeyguardViewMediator﹕ Phone is boot completed. so can broadcast
03-05 20:45:57.405      487-523/system_process E/KeyguardViewMediator﹕ Phone is boot completed. so can broadcast
03-05 20:45:57.405      487-505/system_process E/MotionRecognitionService﹕ mReceiver.onReceive : ACTION_USER_PRESENT  :: UNLOCK SCREEN
03-05 20:45:57.553      122-122/? E/ppd﹕ set_cpu_frequency        : NULL cpu frequency parameters
03-05 20:45:58.850      122-122/? E/ppd﹕ set_cpu_frequency        : NULL cpu frequency parameters
03-05 20:45:58.873      122-122/? E/ppd﹕ set_cpu_frequency        : NULL cpu frequency parameters
03-05 20:45:59.162      122-122/? E/ppd﹕ set_cpu_frequency        : NULL cpu frequency parameters
03-05 20:45:59.842      122-122/? E/ppd﹕ set_cpu_frequency        : NULL cpu frequency parameters
03-05 20:45:59.905      114-114/? E/SMD﹕ DCD OFF
03-05 20:46:00.248      122-122/? E/ppd﹕ set_cpu_frequency        : NULL cpu frequency parameters
03-05 20:46:00.420      122-122/? E/ppd﹕ set_cpu_frequency        : NULL cpu frequency parameters
03-05 20:46:00.748      122-122/? E/ppd﹕ set_cpu_frequency        : NULL cpu frequency parameters
03-05 20:46:01.209      122-122/? E/ppd﹕ set_cpu_frequency        : NULL cpu frequency parameters
03-05 20:46:01.787      122-122/? E/ppd﹕ set_cpu_frequency        : NULL cpu frequency parameters
03-05 20:46:02.217      122-122/? E/ppd﹕ set_cpu_frequency        : NULL cpu frequency parameters
03-05 20:46:02.381      122-122/? E/ppd﹕ set_cpu_frequency        : NULL cpu frequency parameters
03-05 20:46:02.381      122-122/? E/ppd﹕ set_cpu_frequency        : NULL cpu frequency parameters
03-05 20:46:02.717      122-122/? E/ppd﹕ set_cpu_frequency        : NULL cpu frequency parameters
03-05 20:46:02.905      114-114/? E/SMD﹕ DCD OFF
03-05 20:46:03.233      122-122/? E/ppd﹕ set_cpu_frequency        : NULL cpu frequency parameters
03-05 20:46:03.561      122-122/? E/ppd﹕ set_cpu_frequency        : NULL cpu frequency parameters
03-05 20:46:04.240      122-122/? E/ppd﹕ set_cpu_frequency        : NULL cpu frequency parameters
03-05 20:46:05.912      114-114/? E/SMD﹕ DCD OFF
03-05 20:46:06.764      487-633/system_process E/Watchdog﹕ !@Sync 48
03-05 20:46:08.920      114-114/? E/SMD﹕ DCD OFF
03-05 20:46:11.428      122-122/? E/ppd﹕ set_cpu_frequency        : NULL cpu frequency parameters
03-05 20:46:11.459      122-122/? E/ppd﹕ set_cpu_frequency        : NULL cpu frequency parameters
03-05 20:46:11.912      114-114/? E/SMD﹕ DCD OFF
03-05 20:46:12.444      122-122/? E/ppd﹕ set_cpu_frequency        : NULL cpu frequency parameters
03-05 20:46:12.467      122-122/? E/ppd﹕ set_cpu_frequency        : NULL cpu frequency parameters
03-05 20:46:14.920      114-114/? E/SMD﹕ DCD OFF
03-05 20:46:17.920      114-114/? E/SMD﹕ DCD OFF
03-05 20:46:20.920      114-114/? E/SMD﹕ DCD OFF
03-05 20:46:23.912      114-114/? E/SMD﹕ DCD OFF
03-05 20:46:26.920      114-114/? E/SMD﹕ DCD OFF
03-05 20:46:29.920      114-114/? E/SMD﹕ DCD OFF
03-05 20:46:32.920      114-114/? E/SMD﹕ DCD OFF
03-05 20:46:35.920      114-114/? E/SMD﹕ DCD OFF
03-05 20:46:36.756      487-633/system_process E/Watchdog﹕ !@Sync 49
03-05 20:46:38.920      114-114/? E/SMD﹕ DCD OFF
03-05 20:46:41.928      114-114/? E/SMD﹕ DCD OFF
03-05 20:46:42.217      487-520/system_process E/PowerManagerService﹕ setPowerState : screenOffFinishedAnimatingLocked
03-05 20:46:42.233      487-520/system_process E/SensorHal﹕ activate, handle: 1598182229, enabled: 0
03-05 20:46:42.326    3944-3944/? E/wpa_supplicant﹕ !!!!!!the cmd is SETSUSPENDMODE 1
03-05 20:46:42.467      122-122/? E/ppd﹕ set_cpu_frequency        : NULL cpu frequency parameters
03-05 20:46:44.928      114-114/? E/SMD﹕ DCD OFF
03-05 20:46:47.240      487-523/system_process E/LockPatternKeyguardView﹕ mIsVoiceUnlockOn=false
03-05 20:46:47.483      487-523/system_process E/CircleShortcutWidget﹕ density = 240
03-05 20:46:47.483      487-523/system_process E/CircleShortcutWidget﹕ pkg name =com.android.contacts, activityName=com.android.contacts.activities.DialtactsActivity
03-05 20:46:47.498      487-523/system_process E/CircleShortcutWidget﹕ pkg name =com.android.browser, activityName=com.android.browser.BrowserActivity
03-05 20:46:47.522      487-523/system_process E/CircleShortcutWidget﹕ pkg name =com.sec.android.app.camera, activityName=com.sec.android.app.camera.Camera
03-05 20:46:47.889      487-523/system_process E/KeyguardViewMediator﹕ 2. Lockscreen lock
03-05 20:46:47.889      487-523/system_process E/KeyguardViewMediator﹕ Phone is boot completed. so can broadcast
03-05 20:46:47.905      487-523/system_process E/WindowStateAnimator﹕ createSurfaceLocked called attrs.flags=17958912
03-05 20:46:47.920      114-114/? E/SMD﹕ DCD OFF
03-05 20:46:49.647      634-634/? E/MtpService﹕ In MTPAPP onReceive:android.intent.action.BATTERY_CHANGED
03-05 20:46:49.647      634-634/? E/MtpService﹕ battPlugged Type : 2
03-05 20:46:50.881      634-634/? E/MtpService﹕ In MTPAPP onReceive:android.intent.action.BATTERY_CHANGED
03-05 20:46:50.881      634-634/? E/MtpService﹕ battPlugged Type : 2
03-05 20:46:50.920      114-114/? E/SMD﹕ DCD OFF
03-05 20:46:53.928      114-114/? E/SMD﹕ DCD OFF
03-05 20:46:56.920      114-114/? E/SMD﹕ DCD OFF
03-05 20:46:59.928      114-114/? E/SMD﹕ DCD OFF
03-05 20:47:02.928      114-114/? E/SMD﹕ DCD OFF
03-05 20:47:05.928      114-114/? E/SMD﹕ DCD OFF
03-05 20:47:06.764      487-633/system_process E/Watchdog﹕ !@Sync 50
03-05 20:47:08.928      114-114/? E/SMD﹕ DCD OFF
03-05 20:47:11.928      114-114/? E/SMD﹕ DCD OFF
03-05 20:47:14.936      114-114/? E/SMD﹕ DCD OFF
03-05 20:47:17.928      114-114/? E/SMD﹕ DCD OFF
03-05 20:47:20.936      114-114/? E/SMD﹕ DCD OFF
03-05 20:47:23.936      114-114/? E/SMD﹕ DCD OFF
03-05 20:47:26.936      114-114/? E/SMD﹕ DCD OFF
03-05 20:47:29.928      114-114/? E/SMD﹕ DCD OFF
03-05 20:47:32.936      114-114/? E/SMD﹕ DCD OFF
03-05 20:47:35.936      114-114/? E/SMD﹕ DCD OFF
03-05 20:47:36.764      487-633/system_process E/Watchdog﹕ !@Sync 51
03-05 20:47:38.936      114-114/? E/SMD﹕ DCD OFF
03-05 20:47:41.936      114-114/? E/SMD﹕ DCD OFF
03-05 20:47:44.936      114-114/? E/SMD﹕ DCD OFF
03-05 20:47:47.936      114-114/? E/SMD﹕ DCD OFF
03-05 20:47:49.779      634-634/? E/MtpService﹕ In MTPAPP onReceive:android.intent.action.BATTERY_CHANGED
03-05 20:47:49.779      634-634/? E/MtpService﹕ battPlugged Type : 2
03-05 20:47:50.944      114-114/? E/SMD﹕ DCD OFF
03-05 20:47:52.553      487-520/system_process E/SensorHal﹕ activate, handle: 1598182229, enabled: 1
03-05 20:47:52.631    3944-3944/? E/wpa_supplicant﹕ !!!!!!the cmd is SETSUSPENDMODE 0
03-05 20:47:52.850      122-122/? E/ppd﹕ set_cpu_frequency        : NULL cpu frequency parameters
03-05 20:47:53.162      122-122/? E/ppd﹕ set_cpu_frequency        : NULL cpu frequency parameters
03-05 20:47:53.342      769-769/com.sec.android.app.launcher E/Launcher﹕ Error finding setting, default accessibility to not found: accessibility_enabled
03-05 20:47:53.358      487-523/system_process E/KeyguardViewMediator﹕ 3. Lockscreen unlock
03-05 20:47:53.358      487-523/system_process E/KeyguardViewMediator﹕ Phone is boot completed. so can broadcast
03-05 20:47:53.358      487-523/system_process E/KeyguardViewMediator﹕ Phone is boot completed. so can broadcast
03-05 20:47:53.365      487-505/system_process E/MotionRecognitionService﹕ mReceiver.onReceive : ACTION_USER_PRESENT  :: UNLOCK SCREEN
03-05 20:47:53.576      122-122/? E/ppd﹕ set_cpu_frequency        : NULL cpu frequency parameters
03-05 20:47:53.944      114-114/? E/SMD﹕ DCD OFF
03-05 20:47:56.936      114-114/? E/SMD﹕ DCD OFF
03-05 20:47:59.983      114-114/? E/SMD﹕ DCD OFF
03-05 20:48:02.990      114-114/? E/SMD﹕ DCD OFF
03-05 20:48:05.990      114-114/? E/SMD﹕ DCD OFF
03-05 20:48:06.764      487-633/system_process E/Watchdog﹕ !@Sync 52
03-05 20:48:06.936     634-2700/? E/﹕ read error [5] [I/O error]
03-05 20:48:06.936      112-130/? E/DataRouter﹕ After the usb select
03-05 20:48:06.936      112-130/? E/DataRouter﹕ read length is zero
03-05 20:48:06.936      112-130/? E/DataRouter﹕ dr_usb_deinit
03-05 20:48:06.936      112-130/? E/DataRouter﹕ dr_usb_init
03-05 20:48:06.936      112-130/? E/DataRouter﹕ USB Interface is open with 0x9
03-05 20:48:06.936      112-130/? E/DataRouter﹕ USB interface is now configured for usb_fd = 0x9
03-05 20:48:06.936      112-130/? E/DataRouter﹕ pcsyncreset
03-05 20:48:06.944      114-421/? E/SMD﹕ ***Received data notification[DR->SMD]***
03-05 20:48:06.944      114-421/? E/SMD﹕ Path set is DATA_PATH_DR_SMD_MANAGER
03-05 20:48:06.944      114-421/? E/SMD﹕ Message:�
03-05 20:48:06.944      114-421/? E/SMD﹕ Sending data to SMD: Len = [3]
